  Determining projects to restore...
  All projects are up-to-date for restore.
  YogaStudio.Core -> C:\Work\Antigravity\Scratch\YogaStudio\src\Backend\YogaStudio.Core\bin\Debug\net9.0\YogaStudio.Core.dll
  YogaStudio.Infrastructure -> C:\Work\Antigravity\Scratch\YogaStudio\src\Backend\YogaStudio.Infrastructure\bin\Debug\net9.0\YogaStudio.Infrastructure.dll
  YogaStudio.Api -> C:\Work\Antigravity\Scratch\YogaStudio\src\Backend\YogaStudio.Api\bin\Debug\net9.0\YogaStudio.Api.dll
C:\Program Files\dotnet\sdk\9.0.201\Microsoft.Common.CurrentVersion.targets(2424,5): warning MSB3277: Found conflicts between different versions of "Microsoft.EntityFrameworkCore" that could not be resolved. [C:\Work\Antigravity\Scratch\YogaStudio\tests\YogaStudio.Api.Tests\YogaStudio.Api.Tests.csproj]
C:\Program Files\dotnet\sdk\9.0.201\Microsoft.Common.CurrentVersion.targets(2424,5): warning MSB3277: There was a conflict between "Microsoft.EntityFrameworkCore, Version=9.0.1.0, Culture=neutral, PublicKeyToken=adb9793829ddae60" and "Microsoft.EntityFrameworkCore, Version=9.0.2.0, Culture=neutral, PublicKeyToken=adb9793829ddae60". [C:\Work\Antigravity\Scratch\YogaStudio\tests\YogaStudio.Api.Tests\YogaStudio.Api.Tests.csproj]
C:\Program Files\dotnet\sdk\9.0.201\Microsoft.Common.CurrentVersion.targets(2424,5): warning MSB3277:     "Microsoft.EntityFrameworkCore, Version=9.0.1.0, Culture=neutral, PublicKeyToken=adb9793829ddae60" was chosen because it was primary and "Microsoft.EntityFrameworkCore, Version=9.0.2.0, Culture=neutral, PublicKeyToken=adb9793829ddae60" was not. [C:\Work\Antigravity\Scratch\YogaStudio\tests\YogaStudio.Api.Tests\YogaStudio.Api.Tests.csproj]
C:\Program Files\dotnet\sdk\9.0.201\Microsoft.Common.CurrentVersion.targets(2424,5): warning MSB3277:     References which depend on "Microsoft.EntityFrameworkCore, Version=9.0.1.0, Culture=neutral, PublicKeyToken=adb9793829ddae60" [C:\Users\Christian AGRESTA\.nuget\packages\microsoft.entityframeworkcore\9.0.1\lib\net8.0\Microsoft.EntityFrameworkCore.dll]. [C:\Work\Antigravity\Scratch\YogaStudio\tests\YogaStudio.Api.Tests\YogaStudio.Api.Tests.csproj]
C:\Program Files\dotnet\sdk\9.0.201\Microsoft.Common.CurrentVersion.targets(2424,5): warning MSB3277:         C:\Users\Christian AGRESTA\.nuget\packages\microsoft.entityframeworkcore\9.0.1\lib\net8.0\Microsoft.EntityFrameworkCore.dll [C:\Work\Antigravity\Scratch\YogaStudio\tests\YogaStudio.Api.Tests\YogaStudio.Api.Tests.csproj]
C:\Program Files\dotnet\sdk\9.0.201\Microsoft.Common.CurrentVersion.targets(2424,5): warning MSB3277:           Project file item includes which caused reference "C:\Users\Christian AGRESTA\.nuget\packages\microsoft.entityframeworkcore\9.0.1\lib\net8.0\Microsoft.EntityFrameworkCore.dll". [C:\Work\Antigravity\Scratch\YogaStudio\tests\YogaStudio.Api.Tests\YogaStudio.Api.Tests.csproj]
C:\Program Files\dotnet\sdk\9.0.201\Microsoft.Common.CurrentVersion.targets(2424,5): warning MSB3277:             C:\Users\Christian AGRESTA\.nuget\packages\microsoft.entityframeworkcore\9.0.1\lib\net8.0\Microsoft.EntityFrameworkCore.dll [C:\Work\Antigravity\Scratch\YogaStudio\tests\YogaStudio.Api.Tests\YogaStudio.Api.Tests.csproj]
C:\Program Files\dotnet\sdk\9.0.201\Microsoft.Common.CurrentVersion.targets(2424,5): warning MSB3277:     References which depend on or have been unified to "Microsoft.EntityFrameworkCore, Version=9.0.2.0, Culture=neutral, PublicKeyToken=adb9793829ddae60" []. [C:\Work\Antigravity\Scratch\YogaStudio\tests\YogaStudio.Api.Tests\YogaStudio.Api.Tests.csproj]
C:\Program Files\dotnet\sdk\9.0.201\Microsoft.Common.CurrentVersion.targets(2424,5): warning MSB3277:         C:\Work\Antigravity\Scratch\YogaStudio\src\Backend\YogaStudio.Api\bin\Debug\net9.0\YogaStudio.Api.dll [C:\Work\Antigravity\Scratch\YogaStudio\tests\YogaStudio.Api.Tests\YogaStudio.Api.Tests.csproj]
C:\Program Files\dotnet\sdk\9.0.201\Microsoft.Common.CurrentVersion.targets(2424,5): warning MSB3277:           Project file item includes which caused reference "C:\Work\Antigravity\Scratch\YogaStudio\src\Backend\YogaStudio.Api\bin\Debug\net9.0\YogaStudio.Api.dll". [C:\Work\Antigravity\Scratch\YogaStudio\tests\YogaStudio.Api.Tests\YogaStudio.Api.Tests.csproj]
C:\Program Files\dotnet\sdk\9.0.201\Microsoft.Common.CurrentVersion.targets(2424,5): warning MSB3277:             C:\Work\Antigravity\Scratch\YogaStudio\src\Backend\YogaStudio.Api\bin\Debug\net9.0\YogaStudio.Api.dll [C:\Work\Antigravity\Scratch\YogaStudio\tests\YogaStudio.Api.Tests\YogaStudio.Api.Tests.csproj]
C:\Program Files\dotnet\sdk\9.0.201\Microsoft.Common.CurrentVersion.targets(2424,5): warning MSB3277:         C:\Work\Antigravity\Scratch\YogaStudio\src\Backend\YogaStudio.Infrastructure\bin\Debug\net9.0\YogaStudio.Infrastructure.dll [C:\Work\Antigravity\Scratch\YogaStudio\tests\YogaStudio.Api.Tests\YogaStudio.Api.Tests.csproj]
C:\Program Files\dotnet\sdk\9.0.201\Microsoft.Common.CurrentVersion.targets(2424,5): warning MSB3277:           Project file item includes which caused reference "C:\Work\Antigravity\Scratch\YogaStudio\src\Backend\YogaStudio.Infrastructure\bin\Debug\net9.0\YogaStudio.Infrastructure.dll". [C:\Work\Antigravity\Scratch\YogaStudio\tests\YogaStudio.Api.Tests\YogaStudio.Api.Tests.csproj]
C:\Program Files\dotnet\sdk\9.0.201\Microsoft.Common.CurrentVersion.targets(2424,5): warning MSB3277:             C:\Work\Antigravity\Scratch\YogaStudio\src\Backend\YogaStudio.Infrastructure\bin\Debug\net9.0\YogaStudio.Infrastructure.dll [C:\Work\Antigravity\Scratch\YogaStudio\tests\YogaStudio.Api.Tests\YogaStudio.Api.Tests.csproj]
C:\Program Files\dotnet\sdk\9.0.201\Microsoft.Common.CurrentVersion.targets(2424,5): warning MSB3277:             C:\Work\Antigravity\Scratch\YogaStudio\src\Backend\YogaStudio.Api\bin\Debug\net9.0\YogaStudio.Api.dll [C:\Work\Antigravity\Scratch\YogaStudio\tests\YogaStudio.Api.Tests\YogaStudio.Api.Tests.csproj]
C:\Program Files\dotnet\sdk\9.0.201\Microsoft.Common.CurrentVersion.targets(2424,5): warning MSB3277: Found conflicts between different versions of "Microsoft.EntityFrameworkCore.Abstractions" that could not be resolved. [C:\Work\Antigravity\Scratch\YogaStudio\tests\YogaStudio.Api.Tests\YogaStudio.Api.Tests.csproj]
C:\Program Files\dotnet\sdk\9.0.201\Microsoft.Common.CurrentVersion.targets(2424,5): warning MSB3277: There was a conflict between "Microsoft.EntityFrameworkCore.Abstractions, Version=9.0.1.0, Culture=neutral, PublicKeyToken=adb9793829ddae60" and "Microsoft.EntityFrameworkCore.Abstractions, Version=9.0.2.0, Culture=neutral, PublicKeyToken=adb9793829ddae60". [C:\Work\Antigravity\Scratch\YogaStudio\tests\YogaStudio.Api.Tests\YogaStudio.Api.Tests.csproj]
C:\Program Files\dotnet\sdk\9.0.201\Microsoft.Common.CurrentVersion.targets(2424,5): warning MSB3277:     "Microsoft.EntityFrameworkCore.Abstractions, Version=9.0.1.0, Culture=neutral, PublicKeyToken=adb9793829ddae60" was chosen because it was primary and "Microsoft.EntityFrameworkCore.Abstractions, Version=9.0.2.0, Culture=neutral, PublicKeyToken=adb9793829ddae60" was not. [C:\Work\Antigravity\Scratch\YogaStudio\tests\YogaStudio.Api.Tests\YogaStudio.Api.Tests.csproj]
C:\Program Files\dotnet\sdk\9.0.201\Microsoft.Common.CurrentVersion.targets(2424,5): warning MSB3277:     References which depend on "Microsoft.EntityFrameworkCore.Abstractions, Version=9.0.1.0, Culture=neutral, PublicKeyToken=adb9793829ddae60" [C:\Users\Christian AGRESTA\.nuget\packages\microsoft.entityframeworkcore.abstractions\9.0.1\lib\net8.0\Microsoft.EntityFrameworkCore.Abstractions.dll]. [C:\Work\Antigravity\Scratch\YogaStudio\tests\YogaStudio.Api.Tests\YogaStudio.Api.Tests.csproj]
C:\Program Files\dotnet\sdk\9.0.201\Microsoft.Common.CurrentVersion.targets(2424,5): warning MSB3277:         C:\Users\Christian AGRESTA\.nuget\packages\microsoft.entityframeworkcore.abstractions\9.0.1\lib\net8.0\Microsoft.EntityFrameworkCore.Abstractions.dll [C:\Work\Antigravity\Scratch\YogaStudio\tests\YogaStudio.Api.Tests\YogaStudio.Api.Tests.csproj]
C:\Program Files\dotnet\sdk\9.0.201\Microsoft.Common.CurrentVersion.targets(2424,5): warning MSB3277:           Project file item includes which caused reference "C:\Users\Christian AGRESTA\.nuget\packages\microsoft.entityframeworkcore.abstractions\9.0.1\lib\net8.0\Microsoft.EntityFrameworkCore.Abstractions.dll". [C:\Work\Antigravity\Scratch\YogaStudio\tests\YogaStudio.Api.Tests\YogaStudio.Api.Tests.csproj]
C:\Program Files\dotnet\sdk\9.0.201\Microsoft.Common.CurrentVersion.targets(2424,5): warning MSB3277:             C:\Users\Christian AGRESTA\.nuget\packages\microsoft.entityframeworkcore.abstractions\9.0.1\lib\net8.0\Microsoft.EntityFrameworkCore.Abstractions.dll [C:\Work\Antigravity\Scratch\YogaStudio\tests\YogaStudio.Api.Tests\YogaStudio.Api.Tests.csproj]
C:\Program Files\dotnet\sdk\9.0.201\Microsoft.Common.CurrentVersion.targets(2424,5): warning MSB3277:     References which depend on or have been unified to "Microsoft.EntityFrameworkCore.Abstractions, Version=9.0.2.0, Culture=neutral, PublicKeyToken=adb9793829ddae60" []. [C:\Work\Antigravity\Scratch\YogaStudio\tests\YogaStudio.Api.Tests\YogaStudio.Api.Tests.csproj]
C:\Program Files\dotnet\sdk\9.0.201\Microsoft.Common.CurrentVersion.targets(2424,5): warning MSB3277:         C:\Work\Antigravity\Scratch\YogaStudio\src\Backend\YogaStudio.Infrastructure\bin\Debug\net9.0\YogaStudio.Infrastructure.dll [C:\Work\Antigravity\Scratch\YogaStudio\tests\YogaStudio.Api.Tests\YogaStudio.Api.Tests.csproj]
C:\Program Files\dotnet\sdk\9.0.201\Microsoft.Common.CurrentVersion.targets(2424,5): warning MSB3277:           Project file item includes which caused reference "C:\Work\Antigravity\Scratch\YogaStudio\src\Backend\YogaStudio.Infrastructure\bin\Debug\net9.0\YogaStudio.Infrastructure.dll". [C:\Work\Antigravity\Scratch\YogaStudio\tests\YogaStudio.Api.Tests\YogaStudio.Api.Tests.csproj]
C:\Program Files\dotnet\sdk\9.0.201\Microsoft.Common.CurrentVersion.targets(2424,5): warning MSB3277:             C:\Work\Antigravity\Scratch\YogaStudio\src\Backend\YogaStudio.Infrastructure\bin\Debug\net9.0\YogaStudio.Infrastructure.dll [C:\Work\Antigravity\Scratch\YogaStudio\tests\YogaStudio.Api.Tests\YogaStudio.Api.Tests.csproj]
C:\Program Files\dotnet\sdk\9.0.201\Microsoft.Common.CurrentVersion.targets(2424,5): warning MSB3277:             C:\Work\Antigravity\Scratch\YogaStudio\src\Backend\YogaStudio.Api\bin\Debug\net9.0\YogaStudio.Api.dll [C:\Work\Antigravity\Scratch\YogaStudio\tests\YogaStudio.Api.Tests\YogaStudio.Api.Tests.csproj]
C:\Work\Antigravity\Scratch\YogaStudio\tests\YogaStudio.Api.Tests\RoomsControllerTests.cs(25,33): error CS0854: An expression tree may not contain a call or invocation that uses optional arguments [C:\Work\Antigravity\Scratch\YogaStudio\tests\YogaStudio.Api.Tests\YogaStudio.Api.Tests.csproj]
C:\Work\Antigravity\Scratch\YogaStudio\tests\YogaStudio.Api.Tests\ClassSessionsControllerTests.cs(25,33): error CS0854: An expression tree may not contain a call or invocation that uses optional arguments [C:\Work\Antigravity\Scratch\YogaStudio\tests\YogaStudio.Api.Tests\YogaStudio.Api.Tests.csproj]
C:\Work\Antigravity\Scratch\YogaStudio\tests\YogaStudio.Api.Tests\UsersControllerTests.cs(25,33): error CS0854: An expression tree may not contain a call or invocation that uses optional arguments [C:\Work\Antigravity\Scratch\YogaStudio\tests\YogaStudio.Api.Tests\YogaStudio.Api.Tests.csproj]
C:\Work\Antigravity\Scratch\YogaStudio\tests\YogaStudio.Api.Tests\ClassSessionsControllerTests.cs(40,33): error CS0854: An expression tree may not contain a call or invocation that uses optional arguments [C:\Work\Antigravity\Scratch\YogaStudio\tests\YogaStudio.Api.Tests\YogaStudio.Api.Tests.csproj]
C:\Work\Antigravity\Scratch\YogaStudio\tests\YogaStudio.Api.Tests\UsersControllerTests.cs(40,33): error CS0854: An expression tree may not contain a call or invocation that uses optional arguments [C:\Work\Antigravity\Scratch\YogaStudio\tests\YogaStudio.Api.Tests\YogaStudio.Api.Tests.csproj]
C:\Work\Antigravity\Scratch\YogaStudio\tests\YogaStudio.Api.Tests\RoomsControllerTests.cs(40,33): error CS0854: An expression tree may not contain a call or invocation that uses optional arguments [C:\Work\Antigravity\Scratch\YogaStudio\tests\YogaStudio.Api.Tests\YogaStudio.Api.Tests.csproj]
C:\Work\Antigravity\Scratch\YogaStudio\tests\YogaStudio.Api.Tests\UsersControllerTests.cs(55,33): error CS0854: An expression tree may not contain a call or invocation that uses optional arguments [C:\Work\Antigravity\Scratch\YogaStudio\tests\YogaStudio.Api.Tests\YogaStudio.Api.Tests.csproj]
C:\Work\Antigravity\Scratch\YogaStudio\tests\YogaStudio.Api.Tests\ClassSessionsControllerTests.cs(55,33): error CS0854: An expression tree may not contain a call or invocation that uses optional arguments [C:\Work\Antigravity\Scratch\YogaStudio\tests\YogaStudio.Api.Tests\YogaStudio.Api.Tests.csproj]
C:\Work\Antigravity\Scratch\YogaStudio\tests\YogaStudio.Api.Tests\RoomsControllerTests.cs(55,33): error CS0854: An expression tree may not contain a call or invocation that uses optional arguments [C:\Work\Antigravity\Scratch\YogaStudio\tests\YogaStudio.Api.Tests\YogaStudio.Api.Tests.csproj]
C:\Work\Antigravity\Scratch\YogaStudio\tests\YogaStudio.Api.Tests\RoomsControllerTests.cs(79,34): error CS0854: An expression tree may not contain a call or invocation that uses optional arguments [C:\Work\Antigravity\Scratch\YogaStudio\tests\YogaStudio.Api.Tests\YogaStudio.Api.Tests.csproj]
C:\Work\Antigravity\Scratch\YogaStudio\tests\YogaStudio.Api.Tests\ClassSessionsControllerTests.cs(79,34): error CS0854: An expression tree may not contain a call or invocation that uses optional arguments [C:\Work\Antigravity\Scratch\YogaStudio\tests\YogaStudio.Api.Tests\YogaStudio.Api.Tests.csproj]
C:\Work\Antigravity\Scratch\YogaStudio\tests\YogaStudio.Api.Tests\UsersControllerTests.cs(79,34): error CS0854: An expression tree may not contain a call or invocation that uses optional arguments [C:\Work\Antigravity\Scratch\YogaStudio\tests\YogaStudio.Api.Tests\YogaStudio.Api.Tests.csproj]
C:\Work\Antigravity\Scratch\YogaStudio\tests\YogaStudio.Api.Tests\RoomsControllerTests.cs(107,34): error CS0854: An expression tree may not contain a call or invocation that uses optional arguments [C:\Work\Antigravity\Scratch\YogaStudio\tests\YogaStudio.Api.Tests\YogaStudio.Api.Tests.csproj]
C:\Work\Antigravity\Scratch\YogaStudio\tests\YogaStudio.Api.Tests\UsersControllerTests.cs(107,34): error CS0854: An expression tree may not contain a call or invocation that uses optional arguments [C:\Work\Antigravity\Scratch\YogaStudio\tests\YogaStudio.Api.Tests\YogaStudio.Api.Tests.csproj]
C:\Work\Antigravity\Scratch\YogaStudio\tests\YogaStudio.Api.Tests\ClassSessionsControllerTests.cs(107,34): error CS0854: An expression tree may not contain a call or invocation that uses optional arguments [C:\Work\Antigravity\Scratch\YogaStudio\tests\YogaStudio.Api.Tests\YogaStudio.Api.Tests.csproj]
C:\Work\Antigravity\Scratch\YogaStudio\tests\YogaStudio.Api.Tests\UsersControllerTests.cs(114,33): error CS0854: An expression tree may not contain a call or invocation that uses optional arguments [C:\Work\Antigravity\Scratch\YogaStudio\tests\YogaStudio.Api.Tests\YogaStudio.Api.Tests.csproj]
C:\Work\Antigravity\Scratch\YogaStudio\tests\YogaStudio.Api.Tests\ClassSessionsControllerTests.cs(114,33): error CS0854: An expression tree may not contain a call or invocation that uses optional arguments [C:\Work\Antigravity\Scratch\YogaStudio\tests\YogaStudio.Api.Tests\YogaStudio.Api.Tests.csproj]
C:\Work\Antigravity\Scratch\YogaStudio\tests\YogaStudio.Api.Tests\RoomsControllerTests.cs(114,33): error CS0854: An expression tree may not contain a call or invocation that uses optional arguments [C:\Work\Antigravity\Scratch\YogaStudio\tests\YogaStudio.Api.Tests\YogaStudio.Api.Tests.csproj]
C:\Work\Antigravity\Scratch\YogaStudio\tests\YogaStudio.Api.Tests\UsersControllerTests.cs(129,33): error CS0854: An expression tree may not contain a call or invocation that uses optional arguments [C:\Work\Antigravity\Scratch\YogaStudio\tests\YogaStudio.Api.Tests\YogaStudio.Api.Tests.csproj]
C:\Work\Antigravity\Scratch\YogaStudio\tests\YogaStudio.Api.Tests\UsersControllerTests.cs(136,34): error CS0854: An expression tree may not contain a call or invocation that uses optional arguments [C:\Work\Antigravity\Scratch\YogaStudio\tests\YogaStudio.Api.Tests\YogaStudio.Api.Tests.csproj]
C:\Work\Antigravity\Scratch\YogaStudio\tests\YogaStudio.Api.Tests\ClassSessionsControllerTests.cs(129,33): error CS0854: An expression tree may not contain a call or invocation that uses optional arguments [C:\Work\Antigravity\Scratch\YogaStudio\tests\YogaStudio.Api.Tests\YogaStudio.Api.Tests.csproj]
C:\Work\Antigravity\Scratch\YogaStudio\tests\YogaStudio.Api.Tests\ClassSessionsControllerTests.cs(136,34): error CS0854: An expression tree may not contain a call or invocation that uses optional arguments [C:\Work\Antigravity\Scratch\YogaStudio\tests\YogaStudio.Api.Tests\YogaStudio.Api.Tests.csproj]
C:\Work\Antigravity\Scratch\YogaStudio\tests\YogaStudio.Api.Tests\RoomsControllerTests.cs(129,33): error CS0854: An expression tree may not contain a call or invocation that uses optional arguments [C:\Work\Antigravity\Scratch\YogaStudio\tests\YogaStudio.Api.Tests\YogaStudio.Api.Tests.csproj]
C:\Work\Antigravity\Scratch\YogaStudio\tests\YogaStudio.Api.Tests\RoomsControllerTests.cs(136,34): error CS0854: An expression tree may not contain a call or invocation that uses optional arguments [C:\Work\Antigravity\Scratch\YogaStudio\tests\YogaStudio.Api.Tests\YogaStudio.Api.Tests.csproj]

Build FAILED.

C:\Program Files\dotnet\sdk\9.0.201\Microsoft.Common.CurrentVersion.targets(2424,5): warning MSB3277: Found conflicts between different versions of "Microsoft.EntityFrameworkCore" that could not be resolved. [C:\Work\Antigravity\Scratch\YogaStudio\tests\YogaStudio.Api.Tests\YogaStudio.Api.Tests.csproj]
C:\Program Files\dotnet\sdk\9.0.201\Microsoft.Common.CurrentVersion.targets(2424,5): warning MSB3277: There was a conflict between "Microsoft.EntityFrameworkCore, Version=9.0.1.0, Culture=neutral, PublicKeyToken=adb9793829ddae60" and "Microsoft.EntityFrameworkCore, Version=9.0.2.0, Culture=neutral, PublicKeyToken=adb9793829ddae60". [C:\Work\Antigravity\Scratch\YogaStudio\tests\YogaStudio.Api.Tests\YogaStudio.Api.Tests.csproj]
C:\Program Files\dotnet\sdk\9.0.201\Microsoft.Common.CurrentVersion.targets(2424,5): warning MSB3277:     "Microsoft.EntityFrameworkCore, Version=9.0.1.0, Culture=neutral, PublicKeyToken=adb9793829ddae60" was chosen because it was primary and "Microsoft.EntityFrameworkCore, Version=9.0.2.0, Culture=neutral, PublicKeyToken=adb9793829ddae60" was not. [C:\Work\Antigravity\Scratch\YogaStudio\tests\YogaStudio.Api.Tests\YogaStudio.Api.Tests.csproj]
C:\Program Files\dotnet\sdk\9.0.201\Microsoft.Common.CurrentVersion.targets(2424,5): warning MSB3277:     References which depend on "Microsoft.EntityFrameworkCore, Version=9.0.1.0, Culture=neutral, PublicKeyToken=adb9793829ddae60" [C:\Users\Christian AGRESTA\.nuget\packages\microsoft.entityframeworkcore\9.0.1\lib\net8.0\Microsoft.EntityFrameworkCore.dll]. [C:\Work\Antigravity\Scratch\YogaStudio\tests\YogaStudio.Api.Tests\YogaStudio.Api.Tests.csproj]
C:\Program Files\dotnet\sdk\9.0.201\Microsoft.Common.CurrentVersion.targets(2424,5): warning MSB3277:         C:\Users\Christian AGRESTA\.nuget\packages\microsoft.entityframeworkcore\9.0.1\lib\net8.0\Microsoft.EntityFrameworkCore.dll [C:\Work\Antigravity\Scratch\YogaStudio\tests\YogaStudio.Api.Tests\YogaStudio.Api.Tests.csproj]
C:\Program Files\dotnet\sdk\9.0.201\Microsoft.Common.CurrentVersion.targets(2424,5): warning MSB3277:           Project file item includes which caused reference "C:\Users\Christian AGRESTA\.nuget\packages\microsoft.entityframeworkcore\9.0.1\lib\net8.0\Microsoft.EntityFrameworkCore.dll". [C:\Work\Antigravity\Scratch\YogaStudio\tests\YogaStudio.Api.Tests\YogaStudio.Api.Tests.csproj]
C:\Program Files\dotnet\sdk\9.0.201\Microsoft.Common.CurrentVersion.targets(2424,5): warning MSB3277:             C:\Users\Christian AGRESTA\.nuget\packages\microsoft.entityframeworkcore\9.0.1\lib\net8.0\Microsoft.EntityFrameworkCore.dll [C:\Work\Antigravity\Scratch\YogaStudio\tests\YogaStudio.Api.Tests\YogaStudio.Api.Tests.csproj]
C:\Program Files\dotnet\sdk\9.0.201\Microsoft.Common.CurrentVersion.targets(2424,5): warning MSB3277:     References which depend on or have been unified to "Microsoft.EntityFrameworkCore, Version=9.0.2.0, Culture=neutral, PublicKeyToken=adb9793829ddae60" []. [C:\Work\Antigravity\Scratch\YogaStudio\tests\YogaStudio.Api.Tests\YogaStudio.Api.Tests.csproj]
C:\Program Files\dotnet\sdk\9.0.201\Microsoft.Common.CurrentVersion.targets(2424,5): warning MSB3277:         C:\Work\Antigravity\Scratch\YogaStudio\src\Backend\YogaStudio.Api\bin\Debug\net9.0\YogaStudio.Api.dll [C:\Work\Antigravity\Scratch\YogaStudio\tests\YogaStudio.Api.Tests\YogaStudio.Api.Tests.csproj]
C:\Program Files\dotnet\sdk\9.0.201\Microsoft.Common.CurrentVersion.targets(2424,5): warning MSB3277:           Project file item includes which caused reference "C:\Work\Antigravity\Scratch\YogaStudio\src\Backend\YogaStudio.Api\bin\Debug\net9.0\YogaStudio.Api.dll". [C:\Work\Antigravity\Scratch\YogaStudio\tests\YogaStudio.Api.Tests\YogaStudio.Api.Tests.csproj]
C:\Program Files\dotnet\sdk\9.0.201\Microsoft.Common.CurrentVersion.targets(2424,5): warning MSB3277:             C:\Work\Antigravity\Scratch\YogaStudio\src\Backend\YogaStudio.Api\bin\Debug\net9.0\YogaStudio.Api.dll [C:\Work\Antigravity\Scratch\YogaStudio\tests\YogaStudio.Api.Tests\YogaStudio.Api.Tests.csproj]
C:\Program Files\dotnet\sdk\9.0.201\Microsoft.Common.CurrentVersion.targets(2424,5): warning MSB3277:         C:\Work\Antigravity\Scratch\YogaStudio\src\Backend\YogaStudio.Infrastructure\bin\Debug\net9.0\YogaStudio.Infrastructure.dll [C:\Work\Antigravity\Scratch\YogaStudio\tests\YogaStudio.Api.Tests\YogaStudio.Api.Tests.csproj]
C:\Program Files\dotnet\sdk\9.0.201\Microsoft.Common.CurrentVersion.targets(2424,5): warning MSB3277:           Project file item includes which caused reference "C:\Work\Antigravity\Scratch\YogaStudio\src\Backend\YogaStudio.Infrastructure\bin\Debug\net9.0\YogaStudio.Infrastructure.dll". [C:\Work\Antigravity\Scratch\YogaStudio\tests\YogaStudio.Api.Tests\YogaStudio.Api.Tests.csproj]
C:\Program Files\dotnet\sdk\9.0.201\Microsoft.Common.CurrentVersion.targets(2424,5): warning MSB3277:             C:\Work\Antigravity\Scratch\YogaStudio\src\Backend\YogaStudio.Infrastructure\bin\Debug\net9.0\YogaStudio.Infrastructure.dll [C:\Work\Antigravity\Scratch\YogaStudio\tests\YogaStudio.Api.Tests\YogaStudio.Api.Tests.csproj]
C:\Program Files\dotnet\sdk\9.0.201\Microsoft.Common.CurrentVersion.targets(2424,5): warning MSB3277:             C:\Work\Antigravity\Scratch\YogaStudio\src\Backend\YogaStudio.Api\bin\Debug\net9.0\YogaStudio.Api.dll [C:\Work\Antigravity\Scratch\YogaStudio\tests\YogaStudio.Api.Tests\YogaStudio.Api.Tests.csproj]
C:\Program Files\dotnet\sdk\9.0.201\Microsoft.Common.CurrentVersion.targets(2424,5): warning MSB3277: Found conflicts between different versions of "Microsoft.EntityFrameworkCore.Abstractions" that could not be resolved. [C:\Work\Antigravity\Scratch\YogaStudio\tests\YogaStudio.Api.Tests\YogaStudio.Api.Tests.csproj]
C:\Program Files\dotnet\sdk\9.0.201\Microsoft.Common.CurrentVersion.targets(2424,5): warning MSB3277: There was a conflict between "Microsoft.EntityFrameworkCore.Abstractions, Version=9.0.1.0, Culture=neutral, PublicKeyToken=adb9793829ddae60" and "Microsoft.EntityFrameworkCore.Abstractions, Version=9.0.2.0, Culture=neutral, PublicKeyToken=adb9793829ddae60". [C:\Work\Antigravity\Scratch\YogaStudio\tests\YogaStudio.Api.Tests\YogaStudio.Api.Tests.csproj]
C:\Program Files\dotnet\sdk\9.0.201\Microsoft.Common.CurrentVersion.targets(2424,5): warning MSB3277:     "Microsoft.EntityFrameworkCore.Abstractions, Version=9.0.1.0, Culture=neutral, PublicKeyToken=adb9793829ddae60" was chosen because it was primary and "Microsoft.EntityFrameworkCore.Abstractions, Version=9.0.2.0, Culture=neutral, PublicKeyToken=adb9793829ddae60" was not. [C:\Work\Antigravity\Scratch\YogaStudio\tests\YogaStudio.Api.Tests\YogaStudio.Api.Tests.csproj]
C:\Program Files\dotnet\sdk\9.0.201\Microsoft.Common.CurrentVersion.targets(2424,5): warning MSB3277:     References which depend on "Microsoft.EntityFrameworkCore.Abstractions, Version=9.0.1.0, Culture=neutral, PublicKeyToken=adb9793829ddae60" [C:\Users\Christian AGRESTA\.nuget\packages\microsoft.entityframeworkcore.abstractions\9.0.1\lib\net8.0\Microsoft.EntityFrameworkCore.Abstractions.dll]. [C:\Work\Antigravity\Scratch\YogaStudio\tests\YogaStudio.Api.Tests\YogaStudio.Api.Tests.csproj]
C:\Program Files\dotnet\sdk\9.0.201\Microsoft.Common.CurrentVersion.targets(2424,5): warning MSB3277:         C:\Users\Christian AGRESTA\.nuget\packages\microsoft.entityframeworkcore.abstractions\9.0.1\lib\net8.0\Microsoft.EntityFrameworkCore.Abstractions.dll [C:\Work\Antigravity\Scratch\YogaStudio\tests\YogaStudio.Api.Tests\YogaStudio.Api.Tests.csproj]
C:\Program Files\dotnet\sdk\9.0.201\Microsoft.Common.CurrentVersion.targets(2424,5): warning MSB3277:           Project file item includes which caused reference "C:\Users\Christian AGRESTA\.nuget\packages\microsoft.entityframeworkcore.abstractions\9.0.1\lib\net8.0\Microsoft.EntityFrameworkCore.Abstractions.dll". [C:\Work\Antigravity\Scratch\YogaStudio\tests\YogaStudio.Api.Tests\YogaStudio.Api.Tests.csproj]
C:\Program Files\dotnet\sdk\9.0.201\Microsoft.Common.CurrentVersion.targets(2424,5): warning MSB3277:             C:\Users\Christian AGRESTA\.nuget\packages\microsoft.entityframeworkcore.abstractions\9.0.1\lib\net8.0\Microsoft.EntityFrameworkCore.Abstractions.dll [C:\Work\Antigravity\Scratch\YogaStudio\tests\YogaStudio.Api.Tests\YogaStudio.Api.Tests.csproj]
C:\Program Files\dotnet\sdk\9.0.201\Microsoft.Common.CurrentVersion.targets(2424,5): warning MSB3277:     References which depend on or have been unified to "Microsoft.EntityFrameworkCore.Abstractions, Version=9.0.2.0, Culture=neutral, PublicKeyToken=adb9793829ddae60" []. [C:\Work\Antigravity\Scratch\YogaStudio\tests\YogaStudio.Api.Tests\YogaStudio.Api.Tests.csproj]
C:\Program Files\dotnet\sdk\9.0.201\Microsoft.Common.CurrentVersion.targets(2424,5): warning MSB3277:         C:\Work\Antigravity\Scratch\YogaStudio\src\Backend\YogaStudio.Infrastructure\bin\Debug\net9.0\YogaStudio.Infrastructure.dll [C:\Work\Antigravity\Scratch\YogaStudio\tests\YogaStudio.Api.Tests\YogaStudio.Api.Tests.csproj]
C:\Program Files\dotnet\sdk\9.0.201\Microsoft.Common.CurrentVersion.targets(2424,5): warning MSB3277:           Project file item includes which caused reference "C:\Work\Antigravity\Scratch\YogaStudio\src\Backend\YogaStudio.Infrastructure\bin\Debug\net9.0\YogaStudio.Infrastructure.dll". [C:\Work\Antigravity\Scratch\YogaStudio\tests\YogaStudio.Api.Tests\YogaStudio.Api.Tests.csproj]
C:\Program Files\dotnet\sdk\9.0.201\Microsoft.Common.CurrentVersion.targets(2424,5): warning MSB3277:             C:\Work\Antigravity\Scratch\YogaStudio\src\Backend\YogaStudio.Infrastructure\bin\Debug\net9.0\YogaStudio.Infrastructure.dll [C:\Work\Antigravity\Scratch\YogaStudio\tests\YogaStudio.Api.Tests\YogaStudio.Api.Tests.csproj]
C:\Program Files\dotnet\sdk\9.0.201\Microsoft.Common.CurrentVersion.targets(2424,5): warning MSB3277:             C:\Work\Antigravity\Scratch\YogaStudio\src\Backend\YogaStudio.Api\bin\Debug\net9.0\YogaStudio.Api.dll [C:\Work\Antigravity\Scratch\YogaStudio\tests\YogaStudio.Api.Tests\YogaStudio.Api.Tests.csproj]
C:\Work\Antigravity\Scratch\YogaStudio\tests\YogaStudio.Api.Tests\RoomsControllerTests.cs(25,33): error CS0854: An expression tree may not contain a call or invocation that uses optional arguments [C:\Work\Antigravity\Scratch\YogaStudio\tests\YogaStudio.Api.Tests\YogaStudio.Api.Tests.csproj]
C:\Work\Antigravity\Scratch\YogaStudio\tests\YogaStudio.Api.Tests\ClassSessionsControllerTests.cs(25,33): error CS0854: An expression tree may not contain a call or invocation that uses optional arguments [C:\Work\Antigravity\Scratch\YogaStudio\tests\YogaStudio.Api.Tests\YogaStudio.Api.Tests.csproj]
C:\Work\Antigravity\Scratch\YogaStudio\tests\YogaStudio.Api.Tests\UsersControllerTests.cs(25,33): error CS0854: An expression tree may not contain a call or invocation that uses optional arguments [C:\Work\Antigravity\Scratch\YogaStudio\tests\YogaStudio.Api.Tests\YogaStudio.Api.Tests.csproj]
C:\Work\Antigravity\Scratch\YogaStudio\tests\YogaStudio.Api.Tests\ClassSessionsControllerTests.cs(40,33): error CS0854: An expression tree may not contain a call or invocation that uses optional arguments [C:\Work\Antigravity\Scratch\YogaStudio\tests\YogaStudio.Api.Tests\YogaStudio.Api.Tests.csproj]
C:\Work\Antigravity\Scratch\YogaStudio\tests\YogaStudio.Api.Tests\UsersControllerTests.cs(40,33): error CS0854: An expression tree may not contain a call or invocation that uses optional arguments [C:\Work\Antigravity\Scratch\YogaStudio\tests\YogaStudio.Api.Tests\YogaStudio.Api.Tests.csproj]
C:\Work\Antigravity\Scratch\YogaStudio\tests\YogaStudio.Api.Tests\RoomsControllerTests.cs(40,33): error CS0854: An expression tree may not contain a call or invocation that uses optional arguments [C:\Work\Antigravity\Scratch\YogaStudio\tests\YogaStudio.Api.Tests\YogaStudio.Api.Tests.csproj]
C:\Work\Antigravity\Scratch\YogaStudio\tests\YogaStudio.Api.Tests\UsersControllerTests.cs(55,33): error CS0854: An expression tree may not contain a call or invocation that uses optional arguments [C:\Work\Antigravity\Scratch\YogaStudio\tests\YogaStudio.Api.Tests\YogaStudio.Api.Tests.csproj]
C:\Work\Antigravity\Scratch\YogaStudio\tests\YogaStudio.Api.Tests\ClassSessionsControllerTests.cs(55,33): error CS0854: An expression tree may not contain a call or invocation that uses optional arguments [C:\Work\Antigravity\Scratch\YogaStudio\tests\YogaStudio.Api.Tests\YogaStudio.Api.Tests.csproj]
C:\Work\Antigravity\Scratch\YogaStudio\tests\YogaStudio.Api.Tests\RoomsControllerTests.cs(55,33): error CS0854: An expression tree may not contain a call or invocation that uses optional arguments [C:\Work\Antigravity\Scratch\YogaStudio\tests\YogaStudio.Api.Tests\YogaStudio.Api.Tests.csproj]
C:\Work\Antigravity\Scratch\YogaStudio\tests\YogaStudio.Api.Tests\RoomsControllerTests.cs(79,34): error CS0854: An expression tree may not contain a call or invocation that uses optional arguments [C:\Work\Antigravity\Scratch\YogaStudio\tests\YogaStudio.Api.Tests\YogaStudio.Api.Tests.csproj]
C:\Work\Antigravity\Scratch\YogaStudio\tests\YogaStudio.Api.Tests\ClassSessionsControllerTests.cs(79,34): error CS0854: An expression tree may not contain a call or invocation that uses optional arguments [C:\Work\Antigravity\Scratch\YogaStudio\tests\YogaStudio.Api.Tests\YogaStudio.Api.Tests.csproj]
C:\Work\Antigravity\Scratch\YogaStudio\tests\YogaStudio.Api.Tests\UsersControllerTests.cs(79,34): error CS0854: An expression tree may not contain a call or invocation that uses optional arguments [C:\Work\Antigravity\Scratch\YogaStudio\tests\YogaStudio.Api.Tests\YogaStudio.Api.Tests.csproj]
C:\Work\Antigravity\Scratch\YogaStudio\tests\YogaStudio.Api.Tests\RoomsControllerTests.cs(107,34): error CS0854: An expression tree may not contain a call or invocation that uses optional arguments [C:\Work\Antigravity\Scratch\YogaStudio\tests\YogaStudio.Api.Tests\YogaStudio.Api.Tests.csproj]
C:\Work\Antigravity\Scratch\YogaStudio\tests\YogaStudio.Api.Tests\UsersControllerTests.cs(107,34): error CS0854: An expression tree may not contain a call or invocation that uses optional arguments [C:\Work\Antigravity\Scratch\YogaStudio\tests\YogaStudio.Api.Tests\YogaStudio.Api.Tests.csproj]
C:\Work\Antigravity\Scratch\YogaStudio\tests\YogaStudio.Api.Tests\ClassSessionsControllerTests.cs(107,34): error CS0854: An expression tree may not contain a call or invocation that uses optional arguments [C:\Work\Antigravity\Scratch\YogaStudio\tests\YogaStudio.Api.Tests\YogaStudio.Api.Tests.csproj]
C:\Work\Antigravity\Scratch\YogaStudio\tests\YogaStudio.Api.Tests\UsersControllerTests.cs(114,33): error CS0854: An expression tree may not contain a call or invocation that uses optional arguments [C:\Work\Antigravity\Scratch\YogaStudio\tests\YogaStudio.Api.Tests\YogaStudio.Api.Tests.csproj]
C:\Work\Antigravity\Scratch\YogaStudio\tests\YogaStudio.Api.Tests\ClassSessionsControllerTests.cs(114,33): error CS0854: An expression tree may not contain a call or invocation that uses optional arguments [C:\Work\Antigravity\Scratch\YogaStudio\tests\YogaStudio.Api.Tests\YogaStudio.Api.Tests.csproj]
C:\Work\Antigravity\Scratch\YogaStudio\tests\YogaStudio.Api.Tests\RoomsControllerTests.cs(114,33): error CS0854: An expression tree may not contain a call or invocation that uses optional arguments [C:\Work\Antigravity\Scratch\YogaStudio\tests\YogaStudio.Api.Tests\YogaStudio.Api.Tests.csproj]
C:\Work\Antigravity\Scratch\YogaStudio\tests\YogaStudio.Api.Tests\UsersControllerTests.cs(129,33): error CS0854: An expression tree may not contain a call or invocation that uses optional arguments [C:\Work\Antigravity\Scratch\YogaStudio\tests\YogaStudio.Api.Tests\YogaStudio.Api.Tests.csproj]
C:\Work\Antigravity\Scratch\YogaStudio\tests\YogaStudio.Api.Tests\UsersControllerTests.cs(136,34): error CS0854: An expression tree may not contain a call or invocation that uses optional arguments [C:\Work\Antigravity\Scratch\YogaStudio\tests\YogaStudio.Api.Tests\YogaStudio.Api.Tests.csproj]
C:\Work\Antigravity\Scratch\YogaStudio\tests\YogaStudio.Api.Tests\ClassSessionsControllerTests.cs(129,33): error CS0854: An expression tree may not contain a call or invocation that uses optional arguments [C:\Work\Antigravity\Scratch\YogaStudio\tests\YogaStudio.Api.Tests\YogaStudio.Api.Tests.csproj]
C:\Work\Antigravity\Scratch\YogaStudio\tests\YogaStudio.Api.Tests\ClassSessionsControllerTests.cs(136,34): error CS0854: An expression tree may not contain a call or invocation that uses optional arguments [C:\Work\Antigravity\Scratch\YogaStudio\tests\YogaStudio.Api.Tests\YogaStudio.Api.Tests.csproj]
C:\Work\Antigravity\Scratch\YogaStudio\tests\YogaStudio.Api.Tests\RoomsControllerTests.cs(129,33): error CS0854: An expression tree may not contain a call or invocation that uses optional arguments [C:\Work\Antigravity\Scratch\YogaStudio\tests\YogaStudio.Api.Tests\YogaStudio.Api.Tests.csproj]
C:\Work\Antigravity\Scratch\YogaStudio\tests\YogaStudio.Api.Tests\RoomsControllerTests.cs(136,34): error CS0854: An expression tree may not contain a call or invocation that uses optional arguments [C:\Work\Antigravity\Scratch\YogaStudio\tests\YogaStudio.Api.Tests\YogaStudio.Api.Tests.csproj]
    2 Warning(s)
    24 Error(s)

Time Elapsed 00:00:03.90

Workload updates are available. Run `dotnet workload list` for more information.
